<html>
<body>
<pre>
<h1>礦ision Build Log</h1>
<h2>Tool Versions:</h2>
IDE-Version: μVision V5.14.0.0
Copyright (C) 2015 ARM Ltd and ARM Germany GmbH. All rights reserved.
License Information: 1 1, 11, LIC=AK1Y8-33VGY-ZCWJY-IXG3T-B3KTL-T2MCC
 
Tool Versions:
Toolchain:       MDK-ARM Professional  Version: 5.14.0.0
Toolchain Path:  D:\Keil_v5123\ARM\ARMCC\Bin
C Compiler:      Armcc.exe V5.05 update 1 (build 106)
Assembler:       Armasm.exe V5.05 update 1 (build 106)
Linker/Locator:  ArmLink.exe V5.05 update 1 (build 106)
Library Manager: ArmAr.exe V5.05 update 1 (build 106)
Hex Converter:   FromElf.exe V5.05 update 1 (build 106)
CPU DLL:         SARMCM3.DLL V5.14.0.0
Dialog DLL:      DARMSTM.DLL V1.65.0.0
Target DLL:      STLink\ST-LINKIII-KEIL_SWO.dll V2.0.14.0_KEIL
Dialog DLL:      TARMSTM.DLL V1.64.0.0
 
<h2>Project:</h2>
F:\淘宝\NC\STM32\STM32 茶叶温湿度\1、程序源文件（C语言详细备注）2\USER\LCD.uvprojx
Project File Date:  11/25/2020

<h2>Output:</h2>
Build target 'Target 1'
compiling main.c...
..\HARDWARE\OLED\oled.h(55): warning:  #1-D: last line of file ends without a newline
  #endif
main.c(109): warning:  #177-D: variable "flg" was declared but never referenced
    u8 flg=0,i=0;  
main.c: 2 warnings, 0 errors
linking...
Program Size: Code=10604 RO-data=6416 RW-data=5860 ZI-data=2788  
FromELF: creating hex file...
"..\OBJ\LCD.axf" - 0 Error(s), 2 Warning(s).

<h2>Collection of Component include folders:</h2>
  F:\淘宝\NC\STM32\STM32 茶叶温湿度\1、程序源文件（C语言详细备注）2\USER\RTE
  D:\Keil_v5123\ARM\PACK

<h2>Collection of Component Files used:</h2>
</pre>
</body>
</html>
